{
  "version": 2,
  "title": "P99 Search Latency is higher than expected",
  "tags": [
    "integration:zilliz-cloud-zilliz-cloud"
  ],
  "created_at": "2025-01-06",
  "last_updated_at": "2025-01-06",
  "description": "P99 search latency measures the time within which 99% of search requests are completed. This monitor tracks the high P99 search latency to avoid potential bottlenecks that could result in a decline in the search user experience.",
  "definition": {
    "id": 157664432,
    "name": "[Zilliz Cloud] Search Latency (P99) is higher than expected",
    "type": "query alert",
    "query": "avg(last_10m):avg:zilliz.request.latency.milliseconds.p99{request_type:search} by {org_id,project_id,cluster_id} > 2000",
    "message": "Current value:  {{value}} ms",
    "tags": [
      "integration:zilliz_cloud"
    ],
    "options": {
      "thresholds": {
        "critical": 2000,
        "warning": 1000
      },
      "notify_audit": false,
      "on_missing_data": "show_no_data",
      "include_tags": true,
      "new_group_delay": 60,
      "silenced": {}
    },
    "priority": null,
    "restricted_roles": null
  }
}